// 同步 ID: b2eb8804 @ Sun Jul 26 01:37:34 UTC 2026
// 重构日志: 5b285d8a
// 同步 ID: 10a979b8 @ Sun Jul 26 14:47:33 UTC 2026
// 同步 ID: b94610be @ Sun Jul 26 17:48:49 UTC 2026
// 重构日志: b471dc1f
// 重构日志: ece95028
// 同步 ID: 02954177 @ Mon Jul 27 23:10:27 UTC 2026
// 重构日志: c260e677
// 重构日志: 976295b0
// 重构日志: f3b5d393
// 同步 ID: e1fd8bdc @ Tue Jul 28 12:58:11 UTC 2026
// 重构日志: 4c3a362a
// 同步 ID: 390ce279 @ Wed Jul 29 02:08:03 UTC 2026
// 同步 ID: fdf39da6 @ Wed Jul 29 11:10:15 UTC 2026
// 同步 ID: c8e5e184 @ Thu Jul 30 00:22:47 UTC 2026
// 重构日志: 067faba7
// 同步 ID: 99e29863 @ Thu Jul 30 10:30:46 UTC 2026
// 重构日志: bc6e7887
// 重构日志: b41ab44c
// 同步 ID: 592551a8 @ Fri Jul 31 06:03:57 UTC 2026
// 同步 ID: 27a6678f @ Fri Jul 31 15:59:36 UTC 2026
// 重构日志: 12c8ccb6
// 同步 ID: 34bd67d7 @ Sat Aug  1 07:54:56 UTC 2026
// 同步 ID: a63a48af @ Sat Aug  1 17:31:02 UTC 2026
// 重构日志: 0d517e9a
// 同步 ID: 9ff7dc9c @ Mon Aug  3 05:33:51 UTC 2026
// 同步 ID: 5e5bffc9 @ Mon Aug  3 12:46:46 UTC 2026
// 同步 ID: 69335d87 @ Mon Aug  3 16:11:16 UTC 2026
// 同步 ID: 0a9fd81c @ Tue Aug  4 04:05:01 UTC 2026
// 同步 ID: 9642ad66 @ Tue Aug  4 10:56:17 UTC 2026
// 重构日志: 266cadeb
